[2025-04-15 00:28:32,731] [INFO] Starting the app...
[2025-04-15 00:28:32,733] [WARNING] This might be risky.
[2025-04-15 00:28:32,733] [CRITICAL] This is a heavy duty program !!!
[2025-04-15 00:28:32,759] [INFO] Mt5 terminal initiated successfully!. 
[2025-04-15 00:28:32,759] [INFO] Terminal successfully initiated.
[2025-04-15 00:28:32,760] [INFO] Account Details
Login: 40477972
[2025-04-15 00:28:32,760] [INFO] Balance: 10251.09
[2025-04-15 00:28:32,760] [INFO] Name: Olalekan Demo Standard
[2025-04-15 00:28:32,761] [INFO] Successfully logged in.
[2025-04-15 00:28:32,782] [INFO] Starting model build for Boom 1000 Index...
[2025-04-15 00:28:32,787] [INFO] Starting model build for Boom 500 Index...
[2025-04-15 00:28:32,789] [INFO] Starting model build for Crash 1000 Index...
[2025-04-15 00:28:32,791] [INFO] Starting model build for Crash 500 Index...
[2025-04-15 00:28:32,793] [INFO] Starting model build for Step Index...
[2025-04-15 00:28:32,795] [INFO] Starting model build for Jump 100 Index...
[2025-04-15 00:28:42,098] [INFO] Mean accuracy: 0.95
[2025-04-15 00:28:42,101] [INFO] Completed model for Jump 100 Index: Accuracy = 0.95
[2025-04-15 00:28:42,912] [INFO] Completed model for Crash 500 Index: Accuracy = 0.95
[2025-04-15 00:28:42,959] [INFO] Mean accuracy: 0.96
[2025-04-15 00:28:42,961] [INFO] Completed model for Crash 1000 Index: Accuracy = 0.96
[2025-04-15 00:28:43,058] [INFO] Mean accuracy: 0.97
[2025-04-15 00:28:43,058] [INFO] Completed model for Boom 500 Index: Accuracy = 0.97
[2025-04-15 00:28:43,113] [INFO] Completed model for Boom 1000 Index: Accuracy = 0.95
[2025-04-15 00:28:43,115] [INFO] Completed model for Step Index: Accuracy = 0.95
[2025-04-15 00:30:00,305] [INFO] Updated open trades: {'EURUSD': 1}
[2025-04-15 00:30:00,306] [INFO] Open trades updated for Jump 100 Index
[2025-04-15 00:30:00,307] [WARNING] Signal time 2025-04-14 20:30:00 is not valid for Jump 100 Index. Skipping.
[2025-04-15 00:30:00,308] [INFO] Open trades updated for Crash 1000 Index
[2025-04-15 00:30:00,308] [WARNING] Signal time 2025-04-13 14:30:00 is not valid for Crash 1000 Index. Skipping.
[2025-04-15 00:30:00,308] [INFO] Open trades updated for Boom 1000 Index
[2025-04-15 00:30:00,308] [WARNING] Signal time 2025-04-14 15:30:00 is not valid for Boom 1000 Index. Skipping.
