[2025-04-22 21:44:51,139] [INFO] Starting the app...
[2025-04-22 21:44:51,140] [WARNING] This might be risky.
[2025-04-22 21:44:51,141] [CRITICAL] This is a heavy duty program !!!
[2025-04-22 21:44:58,130] [INFO] Mt5 terminal initiated successfully!. 
[2025-04-22 21:44:58,131] [INFO] Terminal successfully initiated.
[2025-04-22 21:44:58,133] [INFO] Account Details
Login: 40477972
[2025-04-22 21:44:58,134] [INFO] Balance: 10251.09
[2025-04-22 21:44:58,134] [INFO] Name: Olalekan Demo Standard
[2025-04-22 21:44:58,134] [INFO] Successfully logged in.
[2025-04-22 21:44:58,150] [INFO] Starting model build for Boom 1000 Index...
[2025-04-22 21:44:58,380] [INFO] Starting model build for Boom 500 Index...
[2025-04-22 21:44:58,427] [INFO] Starting model build for Crash 1000 Index...
[2025-04-22 21:44:58,429] [INFO] Starting model build for Crash 500 Index...
[2025-04-22 21:44:58,779] [INFO] Starting model build for Step Index...
[2025-04-22 21:44:58,787] [INFO] Starting model build for Jump 100 Index...
[2025-04-22 21:45:05,500] [INFO] Mean accuracy: 0.95
[2025-04-22 21:45:05,503] [INFO] Completed model for Jump 100 Index: Accuracy = 0.95
[2025-04-22 21:45:06,026] [INFO] Completed model for Crash 1000 Index: Accuracy = 0.95
[2025-04-22 21:45:06,071] [INFO] Mean accuracy: 0.96
[2025-04-22 21:45:06,072] [INFO] Completed model for Boom 500 Index: Accuracy = 0.96
[2025-04-22 21:45:06,115] [INFO] Completed model for Step Index: Accuracy = 0.95
[2025-04-22 21:45:06,122] [INFO] Completed model for Boom 1000 Index: Accuracy = 0.95
[2025-04-22 21:45:06,440] [INFO] Updated open trades: {'EURUSD': 1}
[2025-04-22 21:45:06,441] [INFO] Open trades updated for Jump 100 Index
[2025-04-22 21:45:06,441] [ERROR] Failed to execute order for Jump 100 Index: can't compare offset-naive and offset-aware datetimes
[2025-04-22 21:45:06,441] [INFO] Open trades updated for Step Index
[2025-04-22 21:45:06,441] [ERROR] Failed to execute order for Step Index: can't compare offset-naive and offset-aware datetimes
[2025-04-22 21:48:19,038] [INFO] Shutting down monitor...
[2025-04-22 21:48:19,039] [INFO] monitor_asset ran for 192.9165 seconds
[2025-04-22 21:52:02,823] [INFO] Starting the app...
[2025-04-22 21:52:02,824] [WARNING] This might be risky.
[2025-04-22 21:52:02,824] [CRITICAL] This is a heavy duty program !!!
[2025-04-22 21:52:02,875] [INFO] Mt5 terminal initiated successfully!. 
[2025-04-22 21:52:02,875] [INFO] Terminal successfully initiated.
[2025-04-22 21:52:02,876] [INFO] Account Details
Login: 40477972
[2025-04-22 21:52:02,876] [INFO] Balance: 10251.09
[2025-04-22 21:52:02,876] [INFO] Name: Olalekan Demo Standard
[2025-04-22 21:52:02,877] [INFO] Successfully logged in.
[2025-04-22 21:52:02,890] [INFO] Starting model build for Boom 1000 Index...
[2025-04-22 21:52:02,918] [INFO] Starting model build for Boom 500 Index...
[2025-04-22 21:52:02,927] [INFO] Starting model build for Crash 1000 Index...
[2025-04-22 21:52:02,949] [INFO] Starting model build for Crash 500 Index...
[2025-04-22 21:52:03,083] [INFO] Starting model build for Step Index...
[2025-04-22 21:52:03,095] [INFO] Starting model build for Jump 100 Index...
[2025-04-22 21:52:09,297] [INFO] Mean accuracy: 0.95
[2025-04-22 21:52:09,299] [INFO] Completed model for Jump 100 Index: Accuracy = 0.95
[2025-04-22 21:52:10,348] [INFO] Completed model for Crash 500 Index: Accuracy = 0.95
[2025-04-22 21:52:10,424] [INFO] Mean accuracy: 0.96
[2025-04-22 21:52:10,425] [INFO] Completed model for Crash 1000 Index: Accuracy = 0.96
[2025-04-22 21:52:10,473] [INFO] Completed model for Step Index: Accuracy = 0.95
[2025-04-22 21:52:10,500] [INFO] Completed model for Boom 1000 Index: Accuracy = 0.95
[2025-04-22 21:52:10,509] [INFO] Mean accuracy: 0.97
[2025-04-22 21:52:10,512] [INFO] Completed model for Boom 500 Index: Accuracy = 0.97
[2025-04-22 21:53:23,190] [INFO] Shutting down monitor...
[2025-04-22 21:53:23,191] [INFO] monitor_asset ran for 72.6774 seconds
[2025-04-22 22:13:55,250] [INFO] Starting the app...
[2025-04-22 22:13:55,252] [WARNING] This might be risky.
[2025-04-22 22:13:55,252] [CRITICAL] This is a heavy duty program !!!
[2025-04-22 22:14:02,625] [INFO] Mt5 terminal initiated successfully!. 
[2025-04-22 22:14:02,626] [INFO] Terminal successfully initiated.
[2025-04-22 22:14:02,629] [INFO] Account Details
Login: 40477972
[2025-04-22 22:14:02,629] [INFO] Balance: 10251.09
[2025-04-22 22:14:02,630] [INFO] Name: Olalekan Demo Standard
[2025-04-22 22:14:02,630] [INFO] Successfully logged in.
[2025-04-22 22:14:02,662] [INFO] Starting model build for Boom 1000 Index...
[2025-04-22 22:14:04,999] [INFO] Starting model build for Boom 500 Index...
[2025-04-22 22:14:05,030] [INFO] Starting model build for Crash 1000 Index...
[2025-04-22 22:14:05,157] [INFO] Starting model build for Crash 500 Index...
[2025-04-22 22:14:05,371] [INFO] Starting model build for Step Index...
[2025-04-22 22:14:05,399] [INFO] Starting model build for Jump 100 Index...
[2025-04-22 22:14:12,256] [INFO] Mean accuracy: 0.95
[2025-04-22 22:14:12,259] [INFO] Completed model for Jump 100 Index: Accuracy = 0.95
[2025-04-22 22:14:13,220] [INFO] Completed model for Crash 1000 Index: Accuracy = 0.95
[2025-04-22 22:14:13,223] [INFO] Completed model for Crash 500 Index: Accuracy = 0.95
[2025-04-22 22:14:13,260] [INFO] Completed model for Boom 1000 Index: Accuracy = 0.95
[2025-04-22 22:14:13,281] [INFO] Completed model for Step Index: Accuracy = 0.95
[2025-04-22 22:14:13,285] [INFO] Mean accuracy: 0.97
[2025-04-22 22:14:13,286] [INFO] Completed model for Boom 500 Index: Accuracy = 0.97
[2025-04-22 22:14:13,675] [CRITICAL] Unexpected error: 'str' object has no attribute 'minute'
[2025-04-22 22:15:04,109] [INFO] Shutting down monitor...
[2025-04-22 22:15:04,110] [INFO] monitor_asset ran for 50.8247 seconds
[2025-04-22 22:46:07,753] [INFO] Starting the app...
[2025-04-22 22:46:07,754] [WARNING] This might be risky.
[2025-04-22 22:46:07,754] [CRITICAL] This is a heavy duty program !!!
[2025-04-22 22:46:07,815] [INFO] Mt5 terminal initiated successfully!. 
[2025-04-22 22:46:07,816] [INFO] Terminal successfully initiated.
[2025-04-22 22:46:07,817] [INFO] Account Details
Login: 40477972
[2025-04-22 22:46:07,817] [INFO] Balance: 10251.09
[2025-04-22 22:46:07,817] [INFO] Name: Olalekan Demo Standard
[2025-04-22 22:46:07,818] [INFO] Successfully logged in.
[2025-04-22 22:46:07,833] [INFO] Starting model build for Boom 1000 Index...
[2025-04-22 22:46:07,854] [INFO] Starting model build for Boom 500 Index...
[2025-04-22 22:46:07,883] [INFO] Starting model build for Crash 1000 Index...
[2025-04-22 22:46:08,098] [INFO] Starting model build for Crash 500 Index...
[2025-04-22 22:46:08,218] [INFO] Starting model build for Step Index...
[2025-04-22 22:46:08,223] [INFO] Starting model build for Jump 100 Index...
[2025-04-22 22:46:12,989] [INFO] Mean accuracy: 0.95
[2025-04-22 22:46:12,991] [INFO] Completed model for Jump 100 Index: Accuracy = 0.95
[2025-04-22 22:46:13,554] [INFO] Mean accuracy: 0.97
[2025-04-22 22:46:13,556] [INFO] Completed model for Step Index: Accuracy = 0.95
[2025-04-22 22:46:13,558] [INFO] Completed model for Boom 500 Index: Accuracy = 0.97
[2025-04-22 22:46:13,569] [INFO] Completed model for Boom 1000 Index: Accuracy = 0.95
[2025-04-22 22:46:13,588] [INFO] Completed model for Crash 500 Index: Accuracy = 0.95
[2025-04-22 22:46:13,602] [INFO] Mean accuracy: 0.93
[2025-04-22 22:46:13,604] [INFO] Completed model for Crash 1000 Index: Accuracy = 0.93
[2025-04-22 23:03:40,029] [INFO] Starting the app...
[2025-04-22 23:03:40,030] [WARNING] This might be risky.
[2025-04-22 23:03:40,030] [CRITICAL] This is a heavy duty program !!!
[2025-04-22 23:03:40,088] [INFO] Mt5 terminal initiated successfully!. 
[2025-04-22 23:03:40,088] [INFO] Terminal successfully initiated.
[2025-04-22 23:03:40,089] [INFO] Account Details
Login: 40477972
[2025-04-22 23:03:40,089] [INFO] Balance: 10251.09
[2025-04-22 23:03:40,090] [INFO] Name: Olalekan Demo Standard
[2025-04-22 23:03:40,090] [INFO] Successfully logged in.
[2025-04-22 23:03:40,107] [INFO] Starting model build for Boom 1000 Index...
[2025-04-22 23:03:40,137] [INFO] Starting model build for Boom 500 Index...
[2025-04-22 23:03:40,166] [INFO] Starting model build for Crash 1000 Index...
[2025-04-22 23:03:40,182] [INFO] Starting model build for Crash 500 Index...
[2025-04-22 23:03:40,248] [INFO] Starting model build for Step Index...
[2025-04-22 23:03:40,259] [INFO] Starting model build for Jump 100 Index...
[2025-04-22 23:03:46,257] [INFO] Mean accuracy: 0.95
[2025-04-22 23:03:46,258] [INFO] Completed model for Jump 100 Index: Accuracy = 0.95
[2025-04-22 23:03:47,171] [INFO] Completed model for Boom 1000 Index: Accuracy = 0.95
[2025-04-22 23:03:47,178] [INFO] Mean accuracy: 0.97
[2025-04-22 23:03:47,178] [INFO] Completed model for Boom 500 Index: Accuracy = 0.97
[2025-04-22 23:03:47,218] [INFO] Completed model for Step Index: Accuracy = 0.95
[2025-04-22 23:03:47,226] [INFO] Completed model for Crash 500 Index: Accuracy = 0.95
[2025-04-22 23:03:47,258] [INFO] Mean accuracy: 0.93
[2025-04-22 23:03:47,258] [INFO] Completed model for Crash 1000 Index: Accuracy = 0.93
[2025-04-22 23:15:00,174] [INFO] Updated open trades: {'EURUSD': 1}
[2025-04-22 23:15:00,194] [INFO] Open trades updated for Jump 100 Index
[2025-04-22 23:15:00,195] [WARNING] Signal time 2025-04-22 07:45:00 is not valid for Jump 100 Index. Skipping.
[2025-04-22 23:15:00,196] [INFO] Open trades updated for Step Index
[2025-04-22 23:15:00,196] [WARNING] Signal time 2025-04-22 20:15:00 is not valid for Step Index. Skipping.
[2025-04-22 23:15:00,196] [INFO] Open trades updated for Crash 500 Index
[2025-04-22 23:15:00,196] [WARNING] Signal time 2025-04-22 23:00:00 is not valid for Crash 500 Index. Skipping.
[2025-04-22 23:15:00,754] [ERROR] Failed to execute order for Crash 500 Index: position_size() missing 1 required positional argument: 'starting_bal'
[2025-04-22 23:17:27,074] [INFO] Shutting down monitor...
[2025-04-22 23:17:27,077] [INFO] monitor_asset ran for 819.8187 seconds
