[2025-11-17 05:58:20,336] [INFO] Subscriber cache loaded: 3 users
[2025-11-17 05:58:20,370] [INFO] Starting the app...
[2025-11-17 05:58:20,370] [WARNING] This might be risky.
[2025-11-17 05:58:20,370] [CRITICAL] This is a heavy duty program !!!
[2025-11-17 05:58:28,805] [INFO] Mt5 terminal initiated successfully!. 
[2025-11-17 05:58:28,806] [INFO] Terminal successfully initiated.
[2025-11-17 05:58:28,808] [INFO] Account Details
Login: 40761020
[2025-11-17 05:58:28,809] [INFO] Balance: 9911.63
[2025-11-17 05:58:28,809] [INFO] Name: Olalekan Solomon Awoyemi
[2025-11-17 05:58:28,809] [INFO] Successfully logged in.
[2025-11-17 05:58:28,812] [INFO] Starting model build for Boom 1000 Index...
[2025-11-17 05:58:29,174] [INFO] Starting model build for Boom 500 Index...
[2025-11-17 05:58:29,332] [INFO] Starting model build for Crash 1000 Index...
[2025-11-17 05:58:29,888] [INFO] Starting model build for Crash 500 Index...
[2025-11-17 05:58:29,917] [INFO] Starting model build for Step Index...
[2025-11-17 05:58:30,499] [INFO] Starting model build for Jump 100 Index...
[2025-11-17 05:58:42,187] [INFO] Mean accuracy: 0.95
[2025-11-17 05:58:42,190] [INFO] Completed model for Jump 100 Index: Accuracy = 0.95
[2025-11-17 05:58:42,853] [INFO] Completed model for Crash 500 Index: Accuracy = 0.95
[2025-11-17 05:58:42,871] [INFO] Mean accuracy: 0.96
[2025-11-17 05:58:42,875] [INFO] Completed model for Crash 1000 Index: Accuracy = 0.96
[2025-11-17 05:58:43,210] [INFO] Completed model for Boom 1000 Index: Accuracy = 0.95
[2025-11-17 05:58:43,223] [INFO] Mean accuracy: 0.97
[2025-11-17 05:58:43,224] [INFO] Completed model for Boom 500 Index: Accuracy = 0.97
[2025-11-17 05:58:43,250] [INFO] Completed model for Step Index: Accuracy = 0.95
[2025-11-17 05:58:43,380] [INFO] Start polling
[2025-11-17 05:58:43,453] [INFO] Subscriber cache refreshed
[2025-11-17 05:58:44,572] [INFO] Run polling for bot @jobbah_bot id=7426056292 - 'jobber'
[2025-11-17 06:00:00,173] [INFO] Updated open trades: {'EURUSD': 2}
[2025-11-17 06:00:00,180] [INFO] Open trades updated for Jump 100 Index
[2025-11-17 06:00:00,181] [WARNING] Signal time 2025-11-16 23:45:00 is not valid for Jump 100 Index. Skipping.
[2025-11-17 06:00:00,182] [INFO] Open trades updated for Step Index
[2025-11-17 06:00:00,182] [WARNING] Signal time 2025-11-16 20:15:00 is not valid for Step Index. Skipping.
[2025-11-17 07:23:04,892] [CRITICAL] Unexpected error: 'time'
