[2025-05-01 07:33:12,645] [INFO] Starting the app...
[2025-05-01 07:33:12,648] [WARNING] This might be risky.
[2025-05-01 07:33:12,648] [CRITICAL] This is a heavy duty program !!!
[2025-05-01 07:33:20,897] [INFO] Mt5 terminal initiated successfully!. 
[2025-05-01 07:33:20,897] [INFO] Terminal successfully initiated.
[2025-05-01 07:33:20,899] [INFO] Account Details
Login: 40477972
[2025-05-01 07:33:20,900] [INFO] Balance: 14824.25
[2025-05-01 07:33:20,900] [INFO] Name: Olalekan Demo Standard
[2025-05-01 07:33:20,900] [INFO] Successfully logged in.
[2025-05-01 07:33:20,901] [INFO] Starting model build for Boom 1000 Index...
[2025-05-01 07:33:22,012] [INFO] Starting model build for Boom 500 Index...
[2025-05-01 07:33:22,044] [INFO] Starting model build for Crash 1000 Index...
[2025-05-01 07:33:22,259] [INFO] Starting model build for Crash 500 Index...
[2025-05-01 07:33:22,401] [INFO] Starting model build for Step Index...
[2025-05-01 07:33:22,435] [INFO] Starting model build for Jump 100 Index...
[2025-05-01 07:33:29,814] [INFO] Mean accuracy: 0.95
[2025-05-01 07:33:29,817] [INFO] Completed model for Jump 100 Index: Accuracy = 0.95
[2025-05-01 07:33:30,225] [INFO] Completed model for Step Index: Accuracy = 0.95
[2025-05-01 07:33:30,281] [INFO] Completed model for Boom 1000 Index: Accuracy = 0.95
[2025-05-01 07:33:30,288] [INFO] Mean accuracy: 0.97
[2025-05-01 07:33:30,288] [INFO] Completed model for Boom 500 Index: Accuracy = 0.97
[2025-05-01 07:33:30,300] [INFO] Mean accuracy: 0.93
[2025-05-01 07:33:30,300] [INFO] Completed model for Crash 1000 Index: Accuracy = 0.93
[2025-05-01 07:33:30,306] [INFO] Completed model for Crash 500 Index: Accuracy = 0.95
[2025-05-01 07:33:30,873] [INFO] Start polling
[2025-05-01 07:33:32,751] [INFO] Run polling for bot @jobbah_bot id=7426056292 - 'jobber'
[2025-05-01 07:45:00,532] [INFO] Updated open trades: {'EURUSD': 1}
[2025-05-01 07:45:00,537] [INFO] Open trades updated for Jump 100 Index
[2025-05-01 07:45:00,539] [WARNING] Signal time 2025-05-01 05:00:00 is not valid for Jump 100 Index. Skipping.
[2025-05-01 07:45:00,541] [INFO] Open trades updated for Step Index
[2025-05-01 07:45:00,541] [WARNING] Signal time 2025-04-30 03:00:00 is not valid for Step Index. Skipping.
[2025-05-01 07:45:00,543] [INFO] Open trades updated for Crash 500 Index
[2025-05-01 07:45:00,543] [WARNING] Signal time 2025-05-01 07:30:00 is not valid for Crash 500 Index. Skipping.
[2025-05-01 07:45:02,107] [ERROR] Failed to execute order for Crash 500 Index: 'Crash 500 Index'
[2025-05-01 07:45:02,627] [INFO] Updated open trades: {'EURUSD': 1, 'Crash 500 Index': 1}
[2025-05-01 07:45:03,629] [ERROR] Failed to execute order for Crash 500 Index: 'dict' object has no attribute 'add'
[2025-05-01 07:45:04,171] [INFO] Updated open trades: {'EURUSD': 1, 'Crash 500 Index': 2}
[2025-05-01 07:45:06,955] [INFO] Updated open trades: {'EURUSD': 1, 'Crash 500 Index': 3}
[2025-05-01 07:45:06,959] [WARNING] Max open trades reached for Crash 500 Index. Skipping.
[2025-05-01 09:32:03,569] [INFO] Polling stopped
[2025-05-01 09:32:03,845] [INFO] Polling stopped for bot @jobbah_bot id=7426056292 - 'jobber'
[2025-05-01 09:40:59,807] [INFO] Starting the app...
[2025-05-01 09:40:59,808] [WARNING] This might be risky.
[2025-05-01 09:40:59,808] [CRITICAL] This is a heavy duty program !!!
[2025-05-01 09:41:00,061] [INFO] Mt5 terminal initiated successfully!. 
[2025-05-01 09:41:00,061] [INFO] Terminal successfully initiated.
[2025-05-01 09:41:00,062] [INFO] Account Details
Login: 40477972
[2025-05-01 09:41:00,062] [INFO] Balance: 14824.25
[2025-05-01 09:41:00,062] [INFO] Name: Olalekan Demo Standard
[2025-05-01 09:41:00,062] [INFO] Successfully logged in.
[2025-05-01 09:41:00,063] [INFO] Starting model build for Boom 1000 Index...
[2025-05-01 09:41:00,105] [INFO] Starting model build for Boom 500 Index...
[2025-05-01 09:41:00,151] [INFO] Starting model build for Crash 1000 Index...
[2025-05-01 09:41:00,181] [INFO] Starting model build for Crash 500 Index...
[2025-05-01 09:41:00,216] [INFO] Starting model build for Step Index...
[2025-05-01 09:41:00,259] [INFO] Starting model build for Jump 100 Index...
[2025-05-01 09:41:04,870] [INFO] Mean accuracy: 0.95
[2025-05-01 09:41:04,871] [INFO] Completed model for Jump 100 Index: Accuracy = 0.95
[2025-05-01 09:41:05,306] [INFO] Completed model for Step Index: Accuracy = 0.95
[2025-05-01 09:41:05,340] [INFO] Mean accuracy: 0.97
[2025-05-01 09:41:05,341] [INFO] Completed model for Boom 500 Index: Accuracy = 0.97
[2025-05-01 09:41:05,404] [INFO] Completed model for Boom 1000 Index: Accuracy = 0.95
[2025-05-01 09:41:05,419] [INFO] Completed model for Crash 500 Index: Accuracy = 0.95
[2025-05-01 09:41:05,421] [INFO] Mean accuracy: 0.93
[2025-05-01 09:41:05,421] [INFO] Completed model for Crash 1000 Index: Accuracy = 0.93
[2025-05-01 09:45:42,579] [INFO] Starting the app...
[2025-05-01 09:45:42,580] [WARNING] This might be risky.
[2025-05-01 09:45:42,580] [CRITICAL] This is a heavy duty program !!!
[2025-05-01 09:45:42,596] [INFO] Mt5 terminal initiated successfully!. 
[2025-05-01 09:45:42,597] [INFO] Terminal successfully initiated.
[2025-05-01 09:45:42,597] [INFO] Account Details
Login: 40477972
[2025-05-01 09:45:42,598] [INFO] Balance: 14824.25
[2025-05-01 09:45:42,598] [INFO] Name: Olalekan Demo Standard
[2025-05-01 09:45:42,598] [INFO] Successfully logged in.
[2025-05-01 09:45:42,599] [INFO] Starting model build for Boom 1000 Index...
[2025-05-01 09:45:42,600] [INFO] Starting model build for Boom 500 Index...
[2025-05-01 09:45:42,606] [INFO] Starting model build for Crash 1000 Index...
[2025-05-01 09:45:42,609] [INFO] Starting model build for Crash 500 Index...
[2025-05-01 09:45:42,615] [INFO] Starting model build for Step Index...
[2025-05-01 09:45:42,620] [INFO] Starting model build for Jump 100 Index...
[2025-05-01 09:45:46,443] [INFO] Mean accuracy: 0.95
[2025-05-01 09:45:46,446] [INFO] Completed model for Jump 100 Index: Accuracy = 0.95
[2025-05-01 09:45:46,873] [INFO] Mean accuracy: 0.97
[2025-05-01 09:45:46,874] [INFO] Completed model for Boom 500 Index: Accuracy = 0.97
[2025-05-01 09:45:46,884] [INFO] Completed model for Boom 1000 Index: Accuracy = 0.95
[2025-05-01 09:45:46,890] [INFO] Completed model for Step Index: Accuracy = 0.95
[2025-05-01 09:45:46,893] [INFO] Completed model for Crash 500 Index: Accuracy = 0.95
[2025-05-01 09:45:46,897] [INFO] Mean accuracy: 0.96
[2025-05-01 09:45:46,898] [INFO] Completed model for Crash 1000 Index: Accuracy = 0.96
[2025-05-01 09:46:11,674] [INFO] Starting the app...
[2025-05-01 09:46:11,675] [WARNING] This might be risky.
[2025-05-01 09:46:11,675] [CRITICAL] This is a heavy duty program !!!
[2025-05-01 09:46:11,689] [INFO] Mt5 terminal initiated successfully!. 
[2025-05-01 09:46:11,689] [INFO] Terminal successfully initiated.
[2025-05-01 09:46:11,690] [INFO] Account Details
Login: 40477972
[2025-05-01 09:46:11,690] [INFO] Balance: 14824.25
[2025-05-01 09:46:11,690] [INFO] Name: Olalekan Demo Standard
[2025-05-01 09:46:11,690] [INFO] Successfully logged in.
[2025-05-01 09:46:11,691] [INFO] Starting model build for Boom 1000 Index...
[2025-05-01 09:46:11,692] [INFO] Starting model build for Boom 500 Index...
[2025-05-01 09:46:11,693] [INFO] Starting model build for Crash 1000 Index...
[2025-05-01 09:46:11,694] [INFO] Starting model build for Crash 500 Index...
[2025-05-01 09:46:11,696] [INFO] Starting model build for Step Index...
[2025-05-01 09:46:11,700] [INFO] Starting model build for Jump 100 Index...
[2025-05-01 09:46:15,342] [INFO] Mean accuracy: 0.95
[2025-05-01 09:46:15,344] [INFO] Completed model for Jump 100 Index: Accuracy = 0.95
[2025-05-01 09:46:15,815] [INFO] Completed model for Boom 1000 Index: Accuracy = 0.95
[2025-05-01 09:46:15,838] [INFO] Mean accuracy: 0.97
[2025-05-01 09:46:15,839] [INFO] Completed model for Boom 500 Index: Accuracy = 0.97
[2025-05-01 09:46:15,848] [INFO] Completed model for Step Index: Accuracy = 0.95
[2025-05-01 09:46:15,854] [INFO] Mean accuracy: 0.93
[2025-05-01 09:46:15,855] [INFO] Completed model for Crash 1000 Index: Accuracy = 0.93
[2025-05-01 09:46:15,857] [INFO] Completed model for Crash 500 Index: Accuracy = 0.95
[2025-05-01 09:46:16,365] [INFO] Start polling
[2025-05-01 09:46:16,877] [INFO] Run polling for bot @jobbah_bot id=7426056292 - 'jobber'
[2025-05-01 09:46:23,040] [INFO] Polling stopped
[2025-05-01 09:46:23,314] [INFO] Polling stopped for bot @jobbah_bot id=7426056292 - 'jobber'
[2025-05-01 09:54:38,749] [INFO] Starting the app...
[2025-05-01 09:54:38,750] [WARNING] This might be risky.
[2025-05-01 09:54:38,750] [CRITICAL] This is a heavy duty program !!!
[2025-05-01 09:54:38,765] [INFO] Mt5 terminal initiated successfully!. 
[2025-05-01 09:54:38,765] [INFO] Terminal successfully initiated.
[2025-05-01 09:54:38,765] [INFO] Account Details
Login: 40477972
[2025-05-01 09:54:38,765] [INFO] Balance: 14821.02
[2025-05-01 09:54:38,765] [INFO] Name: Olalekan Demo Standard
[2025-05-01 09:54:38,765] [INFO] Successfully logged in.
[2025-05-01 09:54:38,767] [INFO] Starting model build for Boom 1000 Index...
[2025-05-01 09:54:38,768] [INFO] Starting model build for Boom 500 Index...
[2025-05-01 09:54:38,769] [INFO] Starting model build for Crash 1000 Index...
[2025-05-01 09:54:38,770] [INFO] Starting model build for Crash 500 Index...
[2025-05-01 09:54:38,771] [INFO] Starting model build for Step Index...
[2025-05-01 09:54:38,776] [INFO] Starting model build for Jump 100 Index...
[2025-05-01 09:54:42,153] [INFO] Mean accuracy: 0.95
[2025-05-01 09:54:42,155] [INFO] Completed model for Jump 100 Index: Accuracy = 0.95
[2025-05-01 09:54:42,578] [INFO] Completed model for Step Index: Accuracy = 0.95
[2025-05-01 09:54:42,613] [INFO] Mean accuracy: 0.97
[2025-05-01 09:54:42,613] [INFO] Completed model for Boom 500 Index: Accuracy = 0.97
[2025-05-01 09:54:42,629] [INFO] Completed model for Boom 1000 Index: Accuracy = 0.95
[2025-05-01 09:54:42,636] [INFO] Mean accuracy: 0.96
[2025-05-01 09:54:42,637] [INFO] Completed model for Crash 1000 Index: Accuracy = 0.96
[2025-05-01 09:54:42,648] [INFO] Completed model for Crash 500 Index: Accuracy = 0.95
[2025-05-01 09:54:42,652] [CRITICAL] Unexpected error: 'module' object is not subscriptable
[2025-05-01 09:54:43,055] [INFO] Start polling
[2025-05-01 09:54:43,396] [INFO] Run polling for bot @jobbah_bot id=7426056292 - 'jobber'
[2025-05-01 09:54:48,816] [INFO] Polling stopped
[2025-05-01 09:54:49,086] [INFO] Polling stopped for bot @jobbah_bot id=7426056292 - 'jobber'
