[2025-08-28 21:06:44,932] [INFO] Subscriber cache loaded: 1 users
[2025-08-28 21:06:44,949] [INFO] Starting the app...
[2025-08-28 21:06:44,950] [WARNING] This might be risky.
[2025-08-28 21:06:44,950] [CRITICAL] This is a heavy duty program !!!
[2025-08-28 21:07:36,315] [INFO] Mt5 terminal initiated successfully!. 
[2025-08-28 21:07:36,328] [INFO] Terminal successfully initiated.
[2025-08-28 21:07:36,331] [INFO] Account Details
Login: 40761020
[2025-08-28 21:07:36,332] [INFO] Balance: 10000.0
[2025-08-28 21:07:36,332] [INFO] Name: Olalekan Solomon Awoyemi
[2025-08-28 21:07:36,332] [INFO] Successfully logged in.
[2025-08-28 21:07:36,443] [INFO] Starting model build for Boom 1000 Index...
[2025-08-28 21:07:41,753] [INFO] Starting model build for Boom 500 Index...
[2025-08-28 21:07:41,833] [INFO] Starting model build for Crash 1000 Index...
[2025-08-28 21:12:08,990] [INFO] Subscriber cache loaded: 1 users
[2025-08-28 21:12:09,024] [INFO] Starting the app...
[2025-08-28 21:12:09,025] [WARNING] This might be risky.
[2025-08-28 21:12:09,025] [CRITICAL] This is a heavy duty program !!!
[2025-08-28 21:12:09,074] [INFO] Mt5 terminal initiated successfully!. 
[2025-08-28 21:12:09,075] [INFO] Terminal successfully initiated.
[2025-08-28 21:12:09,077] [INFO] Account Details
Login: 40761020
[2025-08-28 21:12:09,077] [INFO] Balance: 10000.0
[2025-08-28 21:12:09,078] [INFO] Name: Olalekan Solomon Awoyemi
[2025-08-28 21:12:09,078] [INFO] Successfully logged in.
[2025-08-28 21:12:09,080] [INFO] Starting model build for Boom 1000 Index...
[2025-08-28 21:12:09,158] [INFO] Starting model build for Boom 500 Index...
[2025-08-28 21:12:09,234] [INFO] Starting model build for Crash 1000 Index...
[2025-08-28 21:12:09,299] [INFO] Starting model build for Crash 500 Index...
[2025-08-28 21:12:09,715] [INFO] Starting model build for Step Index...
[2025-08-28 21:12:09,744] [INFO] Starting model build for Jump 100 Index...
[2025-08-28 21:12:20,610] [INFO] Mean accuracy: 0.95
[2025-08-28 21:12:20,611] [INFO] Completed model for Jump 100 Index: Accuracy = 0.95
[2025-08-28 21:12:21,104] [INFO] Completed model for Step Index: Accuracy = 0.95
[2025-08-28 21:12:21,176] [INFO] Completed model for Boom 1000 Index: Accuracy = 0.95
[2025-08-28 21:12:21,200] [INFO] Mean accuracy: 0.97
[2025-08-28 21:12:21,203] [INFO] Completed model for Boom 500 Index: Accuracy = 0.97
[2025-08-28 21:12:21,214] [INFO] Mean accuracy: 0.93
[2025-08-28 21:12:21,217] [INFO] Completed model for Crash 1000 Index: Accuracy = 0.93
[2025-08-28 21:12:21,229] [INFO] Completed model for Crash 500 Index: Accuracy = 0.95
[2025-08-28 21:12:21,296] [INFO] Start polling
[2025-08-28 21:12:21,309] [INFO] Subscriber cache refreshed
[2025-08-28 21:12:22,238] [INFO] Run polling for bot @jobbah_bot id=7426056292 - 'jobber'
[2025-08-28 21:13:35,362] [INFO] Added subscriber: -1002314831482
[2025-08-28 21:13:35,863] [INFO] Update id=207208252 is handled. Duration 531 ms by bot id=7426056292
[2025-08-28 21:13:47,552] [INFO] Update id=207208253 is handled. Duration 265 ms by bot id=7426056292
[2025-08-28 21:15:00,056] [INFO] Updated open trades: {}
[2025-08-28 21:15:00,056] [INFO] Open trades updated for Jump 100 Index
[2025-08-28 21:15:00,057] [WARNING] Signal time 2025-08-28 17:00:00 is not valid for Jump 100 Index. Skipping.
[2025-08-28 21:15:00,057] [INFO] Open trades updated for Step Index
[2025-08-28 21:15:00,058] [WARNING] Signal time 2025-08-28 06:45:00 is not valid for Step Index. Skipping.
[2025-08-28 21:15:00,058] [INFO] Open trades updated for Boom 1000 Index
[2025-08-28 21:15:00,058] [WARNING] Signal time 2025-08-28 13:00:00 is not valid for Boom 1000 Index. Skipping.
[2025-08-28 21:15:00,058] [INFO] Open trades updated for Boom 500 Index
[2025-08-28 21:15:00,059] [WARNING] Signal time 2025-08-28 03:30:00 is not valid for Boom 500 Index. Skipping.
[2025-08-28 21:15:00,059] [INFO] Open trades updated for Crash 500 Index
[2025-08-28 21:15:00,059] [WARNING] Signal time 2025-08-28 15:45:00 is not valid for Crash 500 Index. Skipping.
