[2025-10-11 09:20:01,586] [INFO] Subscriber cache loaded: 3 users
[2025-10-11 09:20:01,597] [INFO] Starting the app...
[2025-10-11 09:20:01,597] [WARNING] This might be risky.
[2025-10-11 09:20:01,597] [CRITICAL] This is a heavy duty program !!!
[2025-10-11 09:20:34,313] [INFO] Mt5 terminal initiated successfully!. 
[2025-10-11 09:20:34,314] [INFO] Terminal successfully initiated.
[2025-10-11 09:20:34,315] [INFO] Account Details
Login: 40761020
[2025-10-11 09:20:34,316] [INFO] Balance: 9917.41
[2025-10-11 09:20:34,316] [INFO] Name: Olalekan Solomon Awoyemi
[2025-10-11 09:20:34,316] [INFO] Successfully logged in.
[2025-10-11 09:20:34,318] [INFO] Starting model build for Boom 1000 Index...
[2025-10-11 09:20:36,424] [INFO] Starting model build for Boom 500 Index...
[2025-10-11 09:20:36,486] [INFO] Starting model build for Crash 1000 Index...
[2025-10-11 09:21:35,732] [INFO] Starting model build for Crash 500 Index...
[2025-10-11 09:21:35,893] [INFO] Starting model build for Step Index...
[2025-10-11 09:21:35,922] [INFO] Starting model build for Jump 100 Index...
[2025-10-11 09:21:39,756] [INFO] Mean accuracy: 0.95
[2025-10-11 09:21:39,757] [INFO] Completed model for Jump 100 Index: Accuracy = 0.95
[2025-10-11 09:21:40,254] [INFO] Mean accuracy: 0.93
[2025-10-11 09:21:40,256] [INFO] Completed model for Crash 1000 Index: Accuracy = 0.93
[2025-10-11 09:21:40,276] [INFO] Mean accuracy: 0.97
[2025-10-11 09:21:40,277] [INFO] Completed model for Boom 500 Index: Accuracy = 0.97
[2025-10-11 09:21:40,296] [INFO] Completed model for Boom 1000 Index: Accuracy = 0.95
[2025-10-11 09:21:40,303] [INFO] Completed model for Step Index: Accuracy = 0.95
[2025-10-11 09:21:40,313] [INFO] Completed model for Crash 500 Index: Accuracy = 0.95
[2025-10-11 09:21:40,444] [INFO] Start polling
[2025-10-11 09:21:40,504] [INFO] Subscriber cache refreshed
[2025-10-11 09:21:40,996] [INFO] Run polling for bot @jobbah_bot id=7426056292 - 'jobber'
[2025-10-11 09:30:00,098] [INFO] Updated open trades: {'Step Index': 1}
[2025-10-11 09:30:00,114] [INFO] Open trades updated for Jump 100 Index
[2025-10-11 09:30:00,115] [WARNING] Signal time 2025-10-10 07:00:00 is not valid for Jump 100 Index. Skipping.
[2025-10-11 09:30:00,115] [INFO] Open trades updated for Crash 1000 Index
[2025-10-11 09:30:00,116] [WARNING] Signal time 2025-10-11 03:30:00 is not valid for Crash 1000 Index. Skipping.
[2025-10-11 09:30:00,116] [INFO] Open trades updated for Step Index
[2025-10-11 09:30:00,116] [WARNING] Signal time 2025-10-10 15:45:00 is not valid for Step Index. Skipping.
[2025-10-11 09:30:00,116] [INFO] Open trades updated for Crash 500 Index
[2025-10-11 09:30:00,116] [WARNING] Signal time 2025-10-10 22:45:00 is not valid for Crash 500 Index. Skipping.
[2025-10-11 10:00:00,103] [INFO] Updated open trades: {}
[2025-10-11 10:00:00,107] [WARNING] Signal time 2025-10-11 09:45:00 is not valid for Crash 500 Index. Skipping.
[2025-10-11 10:00:03,236] [ERROR] Failed to execute order for Crash 500 Index: 'Crash 500 Index'
[2025-10-11 10:00:03,452] [INFO] Updated open trades: {'Crash 500 Index': 1}
[2025-10-11 10:00:04,189] [INFO] Trade successful for Crash 500 Index. Signal ID 003ef958-209d-52a1-b7c5-517465067abd marked as used.
[2025-10-11 10:00:04,190] [ERROR] Failed to execute order for Crash 500 Index: module 'MetaTrader5' has no attribute 'ORDER_BUY'
[2025-10-11 10:00:04,398] [INFO] Updated open trades: {'Crash 500 Index': 2}
[2025-10-11 10:00:04,400] [WARNING] Max open trades reached for Crash 500 Index. Skipping.
[2025-10-11 10:45:00,092] [WARNING] Signal time 2025-10-11 10:30:00 is not valid for Jump 100 Index. Skipping.
[2025-10-11 10:45:15,542] [ERROR] Failed to execute order for Jump 100 Index: 'Jump 100 Index'
[2025-10-11 10:45:15,543] [INFO] Updated open trades: {'Crash 500 Index': 2, 'Jump 100 Index': 1}
[2025-10-11 10:45:16,511] [INFO] Trade successful for Jump 100 Index. Signal ID 192d8876-fb4c-5c8c-a192-b97c6a1b3969 marked as used.
[2025-10-11 10:45:16,512] [ERROR] Failed to execute order for Jump 100 Index: module 'MetaTrader5' has no attribute 'ORDER_BUY'
[2025-10-11 10:45:16,513] [INFO] Updated open trades: {'Crash 500 Index': 2, 'Jump 100 Index': 2}
[2025-10-11 10:45:16,729] [WARNING] Max open trades reached for Jump 100 Index. Skipping.
[2025-10-11 13:56:41,418] [INFO] Shutting down monitor...
[2025-10-11 13:56:41,423] [INFO] monitor_asset ran for 275.02 minutes
