[2025-08-04 14:16:42,600] [INFO] Starting the app...
[2025-08-04 14:16:42,603] [WARNING] This might be risky.
[2025-08-04 14:16:42,604] [CRITICAL] This is a heavy duty program !!!
[2025-08-04 14:17:02,255] [CRITICAL] Failed to start up mt5 terminal, error code: (-6, 'Terminal: Authorization failed')
[2025-08-04 19:31:53,675] [INFO] Starting the app...
[2025-08-04 19:31:53,676] [WARNING] This might be risky.
[2025-08-04 19:31:53,676] [CRITICAL] This is a heavy duty program !!!
[2025-08-04 19:32:03,653] [INFO] Mt5 terminal initiated successfully!. 
[2025-08-04 19:32:03,654] [INFO] Terminal successfully initiated.
[2025-08-04 19:32:03,658] [INFO] Account Details
Login: 40761020
[2025-08-04 19:32:03,659] [INFO] Balance: 10000.0
[2025-08-04 19:32:03,659] [INFO] Name: Olalekan Demo Standard
[2025-08-04 19:32:03,659] [INFO] Successfully logged in.
[2025-08-04 19:32:03,660] [INFO] Starting model build for Boom 1000 Index...
[2025-08-04 19:32:05,165] [INFO] Starting model build for Boom 500 Index...
[2025-08-04 19:32:07,559] [INFO] Starting model build for Crash 1000 Index...
[2025-08-04 19:33:47,738] [INFO] Starting model build for Crash 500 Index...
[2025-08-04 19:34:45,805] [INFO] Starting the app...
[2025-08-04 19:34:45,805] [WARNING] This might be risky.
[2025-08-04 19:34:45,805] [CRITICAL] This is a heavy duty program !!!
[2025-08-04 19:36:19,328] [INFO] Mt5 terminal initiated successfully!. 
[2025-08-04 19:36:19,328] [INFO] Terminal successfully initiated.
[2025-08-04 19:36:19,329] [INFO] Account Details
Login: 40761020
[2025-08-04 19:36:19,329] [INFO] Balance: 10000.0
[2025-08-04 19:36:19,329] [INFO] Name: Olalekan Demo Standard
[2025-08-04 19:36:19,329] [INFO] Successfully logged in.
[2025-08-04 19:36:19,330] [INFO] Starting model build for Boom 1000 Index...
[2025-08-04 19:36:19,371] [INFO] Starting model build for Boom 500 Index...
[2025-08-04 19:36:19,372] [INFO] Starting model build for Crash 1000 Index...
[2025-08-04 19:36:19,409] [INFO] Starting model build for Crash 500 Index...
[2025-08-04 19:36:19,410] [INFO] Starting model build for Step Index...
[2025-08-04 19:36:19,448] [INFO] Starting model build for Jump 100 Index...
[2025-08-04 19:37:41,377] [INFO] Mean accuracy: 0.95
[2025-08-04 19:37:41,380] [INFO] Completed model for Jump 100 Index: Accuracy = 0.95
[2025-08-04 19:37:41,811] [INFO] Completed model for Boom 1000 Index: Accuracy = 0.95
[2025-08-04 19:37:41,880] [INFO] Completed model for Step Index: Accuracy = 0.95
[2025-08-04 19:37:41,890] [INFO] Completed model for Crash 500 Index: Accuracy = 0.95
[2025-08-04 19:37:41,900] [INFO] Mean accuracy: 0.97
[2025-08-04 19:37:41,901] [INFO] Completed model for Boom 500 Index: Accuracy = 0.97
[2025-08-04 19:37:41,909] [INFO] Mean accuracy: 0.96
[2025-08-04 19:37:41,910] [INFO] Completed model for Crash 1000 Index: Accuracy = 0.96
[2025-08-04 19:37:42,375] [INFO] Start polling
[2025-08-04 19:38:04,641] [INFO] Run polling for bot @jobbah_bot id=7426056292 - 'jobber'
[2025-08-04 19:45:00,051] [INFO] Updated open trades: {}
[2025-08-04 19:45:00,051] [INFO] Open trades updated for Jump 100 Index
[2025-08-04 19:45:00,052] [WARNING] Signal time 2025-08-04 07:00:00 is not valid for Jump 100 Index. Skipping.
[2025-08-04 19:45:00,052] [INFO] Open trades updated for Boom 1000 Index
[2025-08-04 19:45:00,052] [WARNING] Signal time 2025-08-04 03:45:00 is not valid for Boom 1000 Index. Skipping.
[2025-08-04 19:45:00,053] [INFO] Open trades updated for Step Index
[2025-08-04 19:45:00,053] [WARNING] Signal time 2025-08-04 17:45:00 is not valid for Step Index. Skipping.
[2025-08-04 19:45:00,053] [INFO] Open trades updated for Crash 500 Index
[2025-08-04 19:45:00,053] [WARNING] Signal time 2025-08-04 18:00:00 is not valid for Crash 500 Index. Skipping.
[2025-08-04 20:27:58,027] [INFO] Update id=207208250 is handled. Duration 750 ms by bot id=7426056292
