[2025-04-21 09:39:03,665] [INFO] Starting the app...
[2025-04-21 09:39:03,665] [WARNING] This might be risky.
[2025-04-21 09:39:03,666] [CRITICAL] This is a heavy duty program !!!
[2025-04-21 09:39:11,300] [INFO] Mt5 terminal initiated successfully!. 
[2025-04-21 09:39:11,301] [INFO] Terminal successfully initiated.
[2025-04-21 09:39:11,303] [INFO] Account Details
Login: 40477972
[2025-04-21 09:39:11,303] [INFO] Balance: 10251.09
[2025-04-21 09:39:11,303] [INFO] Name: Olalekan Demo Standard
[2025-04-21 09:39:11,304] [INFO] Successfully logged in.
[2025-04-21 09:39:11,324] [INFO] Starting model build for Boom 1000 Index...
[2025-04-21 09:39:11,329] [INFO] Starting model build for Boom 500 Index...
[2025-04-21 09:39:11,759] [INFO] Starting model build for Crash 1000 Index...
[2025-04-21 09:39:11,803] [INFO] Starting model build for Crash 500 Index...
[2025-04-21 09:39:11,814] [INFO] Starting model build for Step Index...
[2025-04-21 09:39:12,562] [INFO] Starting model build for Jump 100 Index...
[2025-04-21 09:39:21,293] [INFO] Mean accuracy: 0.95
[2025-04-21 09:39:21,295] [INFO] Completed model for Jump 100 Index: Accuracy = 0.95
[2025-04-21 09:39:22,219] [INFO] Completed model for Crash 500 Index: Accuracy = 0.95
[2025-04-21 09:39:22,252] [INFO] Completed model for Boom 1000 Index: Accuracy = 0.95
[2025-04-21 09:39:22,274] [INFO] Mean accuracy: 0.97
[2025-04-21 09:39:22,277] [INFO] Completed model for Boom 500 Index: Accuracy = 0.97
[2025-04-21 09:39:22,290] [INFO] Mean accuracy: 0.93
[2025-04-21 09:39:22,291] [INFO] Completed model for Crash 1000 Index: Accuracy = 0.93
[2025-04-21 09:39:22,310] [INFO] Completed model for Step Index: Accuracy = 0.95
[2025-04-21 09:45:00,359] [INFO] Updated open trades: {'EURUSD': 1}
[2025-04-21 09:45:00,367] [INFO] Open trades updated for Jump 100 Index
[2025-04-21 09:45:00,369] [WARNING] Signal time 2025-04-19 21:00:00 is not valid for Jump 100 Index. Skipping.
[2025-04-21 09:45:00,370] [INFO] Open trades updated for Crash 500 Index
[2025-04-21 09:45:00,370] [WARNING] Signal time 2025-04-20 23:45:00 is not valid for Crash 500 Index. Skipping.
[2025-04-21 10:02:59,216] [INFO] Shutting down monitor...
[2025-04-21 10:02:59,222] [INFO] monitor_asset ran for 1416.9114 seconds
