[2025-08-08 14:52:50,665] [INFO] Starting the app...
[2025-08-08 14:52:50,666] [WARNING] This might be risky.
[2025-08-08 14:52:50,666] [CRITICAL] This is a heavy duty program !!!
[2025-08-08 14:53:58,537] [CRITICAL] Failed to start up mt5 terminal, error code: (-10005, 'IPC timeout')
[2025-08-08 14:57:06,313] [INFO] Starting the app...
[2025-08-08 14:57:06,314] [WARNING] This might be risky.
[2025-08-08 14:57:06,314] [CRITICAL] This is a heavy duty program !!!
[2025-08-08 14:57:06,328] [INFO] Mt5 terminal initiated successfully!. 
[2025-08-08 14:57:06,328] [INFO] Terminal successfully initiated.
[2025-08-08 14:57:06,329] [INFO] Account Details
Login: 40761020
[2025-08-08 14:57:06,330] [INFO] Balance: 10000.0
[2025-08-08 14:57:06,330] [INFO] Name: Olalekan Demo Standard
[2025-08-08 14:57:06,330] [INFO] Successfully logged in.
[2025-08-08 14:57:06,331] [INFO] Starting model build for Boom 1000 Index...
[2025-08-08 14:57:06,365] [INFO] Starting model build for Boom 500 Index...
[2025-08-08 14:57:06,396] [INFO] Starting model build for Crash 1000 Index...
[2025-08-08 14:57:40,780] [INFO] Starting model build for Crash 500 Index...
[2025-08-08 14:59:11,402] [INFO] Starting model build for Step Index...
[2025-08-08 14:59:11,478] [INFO] Starting model build for Jump 100 Index...
[2025-08-08 14:59:55,374] [INFO] Mean accuracy: 0.95
[2025-08-08 14:59:55,375] [INFO] Completed model for Jump 100 Index: Accuracy = 0.95
[2025-08-08 14:59:55,836] [INFO] Completed model for Crash 1000 Index: Accuracy = 0.95
[2025-08-08 14:59:55,844] [INFO] Completed model for Crash 500 Index: Accuracy = 0.95
[2025-08-08 14:59:55,876] [INFO] Mean accuracy: 0.97
[2025-08-08 14:59:55,876] [INFO] Completed model for Boom 500 Index: Accuracy = 0.97
[2025-08-08 14:59:55,901] [INFO] Completed model for Step Index: Accuracy = 0.95
[2025-08-08 14:59:55,907] [INFO] Completed model for Boom 1000 Index: Accuracy = 0.95
[2025-08-08 14:59:56,576] [INFO] Start polling
[2025-08-08 15:00:00,163] [INFO] Updated open trades: {}
[2025-08-08 15:00:00,164] [INFO] Open trades updated for Jump 100 Index
[2025-08-08 15:00:00,164] [WARNING] Signal time 2025-08-04 07:00:00 is not valid for Jump 100 Index. Skipping.
[2025-08-08 15:00:00,165] [INFO] Open trades updated for Crash 500 Index
[2025-08-08 15:00:00,165] [WARNING] Signal time 2025-08-08 07:15:00 is not valid for Crash 500 Index. Skipping.
[2025-08-08 15:00:00,165] [INFO] Open trades updated for Boom 500 Index
[2025-08-08 15:00:00,166] [WARNING] Signal time 2025-08-08 05:15:00 is not valid for Boom 500 Index. Skipping.
[2025-08-08 15:00:08,728] [INFO] Polling stopped
[2025-08-08 15:00:41,754] [WARNING] Signal time 2025-08-07 19:00:00 is not valid for Jump 100 Index. Skipping.
