[2025-11-03 09:35:12,172] [INFO] Subscriber cache loaded: 3 users
[2025-11-03 09:35:12,186] [INFO] Starting the app...
[2025-11-03 09:35:12,187] [WARNING] This might be risky.
[2025-11-03 09:35:12,187] [CRITICAL] This is a heavy duty program !!!
[2025-11-03 09:35:16,883] [INFO] Mt5 terminal initiated successfully!. 
[2025-11-03 09:35:16,885] [INFO] Terminal successfully initiated.
[2025-11-03 09:35:16,887] [INFO] Account Details
Login: 40761020
[2025-11-03 09:35:16,888] [INFO] Balance: 9928.81
[2025-11-03 09:35:16,889] [INFO] Name: Olalekan Solomon Awoyemi
[2025-11-03 09:35:16,889] [INFO] Successfully logged in.
[2025-11-03 09:35:16,890] [INFO] Starting model build for Boom 1000 Index...
[2025-11-03 09:35:19,590] [INFO] Starting model build for Boom 500 Index...
[2025-11-03 09:35:19,652] [INFO] Starting model build for Crash 1000 Index...
[2025-11-03 09:36:18,629] [INFO] Starting model build for Crash 500 Index...
[2025-11-03 09:36:18,771] [INFO] Starting model build for Step Index...
[2025-11-03 09:36:18,815] [INFO] Starting model build for Jump 100 Index...
[2025-11-03 09:36:23,058] [INFO] Mean accuracy: 0.95
[2025-11-03 09:36:23,059] [INFO] Completed model for Jump 100 Index: Accuracy = 0.95
[2025-11-03 09:36:23,565] [INFO] Mean accuracy: 0.93
[2025-11-03 09:36:23,566] [INFO] Completed model for Crash 1000 Index: Accuracy = 0.93
[2025-11-03 09:36:23,608] [INFO] Completed model for Boom 1000 Index: Accuracy = 0.95
[2025-11-03 09:36:23,635] [INFO] Mean accuracy: 0.97
[2025-11-03 09:36:23,635] [INFO] Completed model for Boom 500 Index: Accuracy = 0.97
[2025-11-03 09:36:23,645] [INFO] Completed model for Step Index: Accuracy = 0.95
[2025-11-03 09:36:23,649] [INFO] Completed model for Crash 500 Index: Accuracy = 0.95
[2025-11-03 09:36:23,770] [INFO] Start polling
[2025-11-03 09:36:23,838] [INFO] Subscriber cache refreshed
[2025-11-03 09:36:24,290] [INFO] Run polling for bot @jobbah_bot id=7426056292 - 'jobber'
[2025-11-03 09:45:00,162] [INFO] Updated open trades: {}
[2025-11-03 09:45:00,162] [INFO] Open trades updated for Jump 100 Index
[2025-11-03 09:45:00,173] [WARNING] Signal time 2025-11-03 03:30:00 is not valid for Jump 100 Index. Skipping.
[2025-11-03 09:45:00,174] [INFO] Open trades updated for Crash 1000 Index
[2025-11-03 09:45:00,174] [WARNING] Signal time 2025-11-02 10:00:00 is not valid for Crash 1000 Index. Skipping.
[2025-11-03 09:45:00,174] [INFO] Open trades updated for Step Index
[2025-11-03 09:45:00,175] [WARNING] Signal time 2025-11-01 06:15:00 is not valid for Step Index. Skipping.
[2025-11-03 09:45:00,175] [INFO] Open trades updated for Crash 500 Index
[2025-11-03 09:45:00,175] [WARNING] Signal time 2025-11-02 19:45:00 is not valid for Crash 500 Index. Skipping.
[2025-11-03 11:30:00,115] [WARNING] Signal time 2025-11-03 11:15:00 is not valid for Crash 1000 Index. Skipping.
[2025-11-03 11:30:02,037] [ERROR] Order failed, retcode=10027
[2025-11-03 11:30:02,038] [WARNING] No open positions found for Crash 1000 Index.
[2025-11-03 11:30:02,864] [INFO] The notify func called successfully
[2025-11-03 11:30:03,987] [INFO] Telegram Notification: Signal sent and stored: Crash 1000 Index_4831.785_4816.326198613763_4836.937933795412
[2025-11-03 11:30:04,526] [ERROR] Failed to send signal to -1002008050520: Telegram server says - Flood control exceeded on method 'SendMessage' in chat -1002008050520. Retry in 9 seconds.
Original description: Too Many Requests: retry after 9
(background on this error at: https://core.telegram.org/bots/faq#my-bot-is-hitting-limits-how-do-i-avoid-this)
[2025-11-03 11:30:04,796] [INFO] Telegram Notification: Signal sent and stored: Crash 1000 Index_4831.792_4816.331698613763_4836.945433795413
[2025-11-03 11:30:13,441] [INFO] Telegram Notification: Signal sent and stored: Crash 1000 Index_4831.798_4816.336412899477_4836.951862366841
[2025-11-03 11:30:13,849] [ERROR] Failed to send signal to -1002008050520: Telegram server says - Flood control exceeded on method 'SendMessage' in chat -1002008050520. Retry in 10 seconds.
Original description: Too Many Requests: retry after 10
(background on this error at: https://core.telegram.org/bots/faq#my-bot-is-hitting-limits-how-do-i-avoid-this)
[2025-11-03 11:30:14,067] [INFO] Telegram Notification: Signal sent and stored: Crash 1000 Index_4831.839_4816.368627185192_4836.995790938269
[2025-11-03 11:30:14,672] [INFO] Telegram Notification: Signal sent and stored: Crash 1000 Index_4831.844_4816.37255575662_4837.001148081126
[2025-11-03 11:30:23,462] [INFO] Telegram Notification: Signal sent and stored: Crash 1000 Index_4831.847_4816.374912899478_4837.004362366841
[2025-11-03 11:30:24,074] [INFO] Telegram Notification: Signal sent and stored: Crash 1000 Index_4831.879_4816.4000557566205_4837.038648081127
[2025-11-03 11:30:24,799] [INFO] Telegram Notification: Signal sent and stored: Crash 1000 Index_4831.884_4816.403984328049_4837.044005223984
[2025-11-03 11:30:33,575] [INFO] Telegram Notification: Signal sent and stored: Crash 1000 Index_4831.889_4816.407912899477_4837.049362366841
[2025-11-03 11:30:34,527] [INFO] Telegram Notification: Signal sent and stored: Crash 1000 Index_4831.937_4816.445627185191_4837.10079093827
[2025-11-03 11:30:34,574] [INFO] Telegram Notification: Duplicate detected, skipping signal: Crash 1000 Index_4831.937_4816.445627185191_4837.10079093827
[2025-11-03 11:30:43,722] [INFO] Telegram Notification: Signal sent and stored: Crash 1000 Index_4831.944_4816.4511271851925_4837.108290938269
[2025-11-03 11:30:44,441] [INFO] Telegram Notification: Signal sent and stored: Crash 1000 Index_4831.995_4816.491198613763_4837.162933795412
[2025-11-03 11:30:44,601] [INFO] Telegram Notification: Duplicate detected, skipping signal: Crash 1000 Index_4831.995_4816.491198613763_4837.162933795412
[2025-11-03 11:30:53,721] [INFO] Telegram Notification: Signal sent and stored: Crash 1000 Index_4831.998_4816.4935557566205_4837.166148081126
[2025-11-03 11:30:54,638] [INFO] Telegram Notification: Signal sent and stored: Crash 1000 Index_4832.049_4816.533627185192_4837.22079093827
[2025-11-03 11:30:54,876] [INFO] Telegram Notification: Duplicate detected, skipping signal: Crash 1000 Index_4832.049_4816.533627185192_4837.22079093827
[2025-11-03 11:31:04,110] [INFO] Telegram Notification: Signal sent and stored: Crash 1000 Index_4832.05_4816.5344128994775_4837.221862366841
[2025-11-03 11:45:00,324] [WARNING] Signal time 2025-11-03 11:30:00 is not valid for Crash 1000 Index. Skipping.
[2025-11-03 11:45:02,489] [ERROR] Failed to execute order for Crash 1000 Index: 'Crash 1000 Index'
[2025-11-03 11:45:02,493] [INFO] Updated open trades: {'Crash 1000 Index': 1}
[2025-11-03 11:45:03,449] [INFO] Trade successful for Crash 1000 Index. Signal ID 46a5d0b7-3e5d-54c0-b7ca-1fe3ebdf3b3a marked as used.
[2025-11-03 11:45:03,467] [ERROR] Failed to execute order for Crash 1000 Index: module 'MetaTrader5' has no attribute 'ORDER_BUY'
[2025-11-03 11:45:03,467] [INFO] Updated open trades: {'Crash 1000 Index': 2}
[2025-11-03 11:45:03,684] [WARNING] Max open trades reached for Crash 1000 Index. Skipping.
[2025-11-03 12:15:00,278] [WARNING] Signal time 2025-11-03 12:00:00 is not valid for Crash 1000 Index. Skipping.
[2025-11-03 12:15:03,559] [INFO] Trade successful for Crash 1000 Index. Signal ID 38f8b0cf-ceaf-5870-bc58-e9d6169b81af marked as used.
[2025-11-03 13:30:00,426] [WARNING] Signal time 2025-11-03 12:15:00 is not valid for Crash 1000 Index. Skipping.
[2025-11-03 14:15:00,544] [WARNING] Signal time 2025-11-03 14:00:00 is not valid for Crash 1000 Index. Skipping.
[2025-11-03 14:15:04,548] [INFO] Trade successful for Crash 1000 Index. Signal ID 8a5adb9d-843c-5fb8-b558-b9a3f2b246a8 marked as used.
[2025-11-03 15:25:17,097] [INFO] Shutting down monitor...
[2025-11-03 15:25:17,099] [INFO] monitor_asset ran for 348.89 minutes
